// Vitest Snapshot v1, https://vitest.dev/guide/snapshot.html

exports[`Error page component > Show error page 1`] = `
<DocumentFragment>
  <div
    class="_errorWrap_8c5621"
  >
    <h1
      class="_title_8c5621"
    >
      Oops!
    </h1>
    <p>
      Sorry, an unexpected error has occurred.
    </p>
    <p>
      Error
    </p>
  </div>
</DocumentFragment>
`;
