// Jest Snapshot v1, https://goo.gl/fbAQLP

exports[`Header renders Header component 1`] = `
{
  "asFragment": [Function],
  "baseElement": <body>
    <div>
      <div
        class="wrapper"
      >
        <img
          alt="title"
          class="titleImg"
          src="title.png"
        />
        <div
          class="searchWrap"
        >
          <select
            class="select"
          >
            <option
              value="10"
            >
              10
            </option>
            <option
              value="20"
            >
              20
            </option>
            <option
              value="30"
            >
              30
            </option>
          </select>
          <input
            class="search"
            data-testid="input-test-id"
            placeholder="search"
            type="text"
            value=""
          />
          <button
            class="search button"
          >
            SEARCH
          </button>
          <button
            class="error button"
          >
            TRY MAKE ERROR
          </button>
        </div>
        <img
          alt="logo"
          class="logo"
          src="logo.png"
        />
      </div>
    </div>
  </body>,
  "container": <div>
    <div
      class="wrapper"
    >
      <img
        alt="title"
        class="titleImg"
        src="title.png"
      />
      <div
        class="searchWrap"
      >
        <select
          class="select"
        >
          <option
            value="10"
          >
            10
          </option>
          <option
            value="20"
          >
            20
          </option>
          <option
            value="30"
          >
            30
          </option>
        </select>
        <input
          class="search"
          data-testid="input-test-id"
          placeholder="search"
          type="text"
          value=""
        />
        <button
          class="search button"
        >
          SEARCH
        </button>
        <button
          class="error button"
        >
          TRY MAKE ERROR
        </button>
      </div>
      <img
        alt="logo"
        class="logo"
        src="logo.png"
      />
    </div>
  </div>,
  "debug": [Function],
  "findAllByAltText": [Function],
  "findAllByDisplayValue": [Function],
  "findAllByLabelText": [Function],
  "findAllByPlaceholderText": [Function],
  "findAllByRole": [Function],
  "findAllByTestId": [Function],
  "findAllByText": [Function],
  "findAllByTitle": [Function],
  "findByAltText": [Function],
  "findByDisplayValue": [Function],
  "findByLabelText": [Function],
  "findByPlaceholderText": [Function],
  "findByRole": [Function],
  "findByTestId": [Function],
  "findByText": [Function],
  "findByTitle": [Function],
  "getAllByAltText": [Function],
  "getAllByDisplayValue": [Function],
  "getAllByLabelText": [Function],
  "getAllByPlaceholderText": [Function],
  "getAllByRole": [Function],
  "getAllByTestId": [Function],
  "getAllByText": [Function],
  "getAllByTitle": [Function],
  "getByAltText": [Function],
  "getByDisplayValue": [Function],
  "getByLabelText": [Function],
  "getByPlaceholderText": [Function],
  "getByRole": [Function],
  "getByTestId": [Function],
  "getByText": [Function],
  "getByTitle": [Function],
  "queryAllByAltText": [Function],
  "queryAllByDisplayValue": [Function],
  "queryAllByLabelText": [Function],
  "queryAllByPlaceholderText": [Function],
  "queryAllByRole": [Function],
  "queryAllByTestId": [Function],
  "queryAllByText": [Function],
  "queryAllByTitle": [Function],
  "queryByAltText": [Function],
  "queryByDisplayValue": [Function],
  "queryByLabelText": [Function],
  "queryByPlaceholderText": [Function],
  "queryByRole": [Function],
  "queryByTestId": [Function],
  "queryByText": [Function],
  "queryByTitle": [Function],
  "rerender": [Function],
  "unmount": [Function],
}
`;
