// Jest Snapshot v1, https://goo.gl/fbAQLP

exports[`should show loading indicator 1`] = `
<DocumentFragment>
  <div
    class="loading"
  >
    <div
      class="loadingIcon"
      data-testid="loading-icon"
    >
      Loading...
    </div>
    <div
      class="loader"
    >
      <div
        class="loaderCircle"
      />
    </div>
  </div>
</DocumentFragment>
`;
